[    0.000000] microcode: microcode updated early to revision 0x70d, date = 2015-08-02
[    0.000000] Linux version 4.19.66-gentoo (root@Q9550-Desktop) (gcc version 8.3.0 (Gentoo 8.3.0-r1 p1.1)) #3 SMP PREEMPT Wed Sep 25 19:38:21 EEST 2019
[    0.000000] Command line: BOOT_IMAGE=/vmlinuz-4.19.66-gentoo root=/dev/mapper/volgroup--ssd-Gentoo ro init=/lib/systemd/systemd dolvm resume=/dev/volgroup-sshd/Swap
[    0.000000] KERNEL supported cpus:
[    0.000000]   Intel GenuineIntel
[    0.000000] x86/fpu: x87 FPU will use FXSAVE
[    0.000000] BIOS-provided physical RAM map:
[    0.000000] BIOS-e820: [mem 0x0000000000000000-0x000000000009d7ff] usable
[    0.000000] BIOS-e820: [mem 0x000000000009f800-0x000000000009ffff] reserved
[    0.000000] BIOS-e820: [mem 0x00000000000f0000-0x00000000000fffff] reserved
[    0.000000] BIOS-e820: [mem 0x0000000000100000-0x00000000c7edffff] usable
[    0.000000] BIOS-e820: [mem 0x00000000c7ee0000-0x00000000c7ee2fff] ACPI NVS
[    0.000000] BIOS-e820: [mem 0x00000000c7ee3000-0x00000000c7eeffff] ACPI data
[    0.000000] BIOS-e820: [mem 0x00000000c7ef0000-0x00000000c7efffff] reserved
[    0.000000] BIOS-e820: [mem 0x00000000e0000000-0x00000000efffffff] reserved
[    0.000000] BIOS-e820: [mem 0x00000000fec00000-0x00000000ffffffff] reserved
[    0.000000] BIOS-e820: [mem 0x0000000100000000-0x0000000237ffffff] usable
[    0.000000] NX (Execute Disable) protection: active
[    0.000000] SMBIOS 2.4 present.
[    0.000000] DMI: Gigabyte Technology Co., Ltd. G41M-Combo/G41M-Combo, BIOS FB 10/25/2012
[    0.000000] tsc: Fast TSC calibration using PIT
[    0.000000] tsc: Detected 2833.300 MHz processor
[    0.005670] e820: update [mem 0x00000000-0x00000fff] usable ==> reserved
[    0.005673] e820: remove [mem 0x000a0000-0x000fffff] usable
[    0.005677] last_pfn = 0x238000 max_arch_pfn = 0x400000000
[    0.005681] MTRR default type: uncachable
[    0.005682] MTRR fixed ranges enabled:
[    0.005683]   00000-9FFFF write-back
[    0.005683]   A0000-BFFFF uncachable
[    0.005684]   C0000-CDFFF write-protect
[    0.005685]   CE000-EFFFF uncachable
[    0.005685]   F0000-FFFFF write-through
[    0.005686] MTRR variable ranges enabled:
[    0.005687]   0 base 000000000 mask F00000000 write-back
[    0.005688]   1 base 0E0000000 mask FE0000000 uncachable
[    0.005689]   2 base 0D0000000 mask FF0000000 uncachable
[    0.005690]   3 base 0C8000000 mask FF8000000 uncachable
[    0.005691]   4 base 100000000 mask F00000000 write-back
[    0.005692]   5 base 200000000 mask FC0000000 write-back
[    0.005693]   6 base 238000000 mask FF8000000 uncachable
[    0.005694]   7 base 0C7F00000 mask FFFF00000 uncachable
[    0.006855] e820: update [mem 0xc7f00000-0xffffffff] usable ==> reserved
[    0.006859] x86/PAT: Configuration [0-7]: WB  WT  UC- UC  WB  WT  UC- UC  
[    0.006863] last_pfn = 0xc7ee0 max_arch_pfn = 0x400000000
[    0.010869] found SMP MP-table at [mem 0x000f52c0-0x000f52cf]
[    0.010888] BRK [0x79c01000, 0x79c01fff] PGTABLE
[    0.010890] BRK [0x79c02000, 0x79c02fff] PGTABLE
[    0.010891] BRK [0x79c03000, 0x79c03fff] PGTABLE
[    0.010926] BRK [0x79c04000, 0x79c04fff] PGTABLE
[    0.010928] BRK [0x79c05000, 0x79c05fff] PGTABLE
[    0.011188] BRK [0x79c06000, 0x79c06fff] PGTABLE
[    0.011201] BRK [0x79c07000, 0x79c07fff] PGTABLE
[    0.011215] BRK [0x79c08000, 0x79c08fff] PGTABLE
[    0.011228] BRK [0x79c09000, 0x79c09fff] PGTABLE
[    0.011268] RAMDISK: [mem 0x2971b000-0x30b84fff]
[    0.011279] ACPI: Early table checksum verification disabled
[    0.014166] ACPI: RSDP 0x00000000000F6D50 000014 (v00 GBT   )
[    0.014170] ACPI: RSDT 0x00000000C7EE3040 000040 (v01 GBT    GBTUACPI 42302E31 GBTU 01010101)
[    0.014175] ACPI: FACP 0x00000000C7EE30C0 000074 (v01 GBT    GBTUACPI 42302E31 GBTU 01010101)
[    0.014181] ACPI: Override [DSDT-GBTUACPI], this is unsafe: tainting kernel
[    0.014182] Disabling lock debugging due to kernel taint
[    0.014183] ACPI: DSDT 0x00000000C7EE3180 Logical table override, new table: 0xFFFFFFFF880D9080
[    0.014186] ACPI: DSDT 0xFFFFFFFF880D9080 003DAB (v01 GBT    GBTUACPI 00001000 INTL 20130823)
[    0.014190] ACPI: FACS 0x00000000C7EE0000 000040
[    0.014193] ACPI: MSDM 0x00000000C7EE7500 000055 (v03 GBT    GBTUACPI 42302E31 GBTU 01010101)
[    0.014196] ACPI: HPET 0x00000000C7EE75C0 000038 (v01 GBT    GBTUACPI 42302E31 GBTU 00000098)
[    0.014199] ACPI: MCFG 0x00000000C7EE7640 00003C (v01 GBT    GBTUACPI 42302E31 GBTU 01010101)
[    0.014203] ACPI: TAMG 0x00000000C7EE7680 006352 (v01 GBT    GBT   B0 5455312E BG?? 00020101)
[    0.014206] ACPI: APIC 0x00000000C7EE7400 000084 (v01 GBT    GBTUACPI 42302E31 GBTU 01010101)
[    0.014210] ACPI: SSDT 0x00000000C7EEE320 0003AB (v01 PmRef  CpuPm    00003000 INTL 20040311)
[    0.014217] ACPI: Local APIC address 0xfee00000
[    0.014250] No NUMA configuration found
[    0.014252] Faking a node at [mem 0x0000000000000000-0x0000000237ffffff]
[    0.014255] NODE_DATA(0) allocated [mem 0x237ff8000-0x237ffbfff]
[    0.014273] Zone ranges:
[    0.014275]   DMA      [mem 0x0000000000001000-0x0000000000ffffff]
[    0.014277]   DMA32    [mem 0x0000000001000000-0x00000000ffffffff]
[    0.014278]   Normal   [mem 0x0000000100000000-0x0000000237ffffff]
[    0.014280] Movable zone start for each node
[    0.014281] Early memory node ranges
[    0.014282]   node   0: [mem 0x0000000000001000-0x000000000009cfff]
[    0.014283]   node   0: [mem 0x0000000000100000-0x00000000c7edffff]
[    0.014285]   node   0: [mem 0x0000000100000000-0x0000000237ffffff]
[    0.014288] Reserved but unavailable: 100 pages
[    0.014289] Initmem setup node 0 [mem 0x0000000000001000-0x0000000237ffffff]
[    0.014291] On node 0 totalpages: 2096764
[    0.014292]   DMA zone: 64 pages used for memmap
[    0.014292]   DMA zone: 21 pages reserved
[    0.014293]   DMA zone: 3996 pages, LIFO batch:0
[    0.014383]   DMA32 zone: 12732 pages used for memmap
[    0.014384]   DMA32 zone: 814816 pages, LIFO batch:63
[    0.033850]   Normal zone: 19968 pages used for memmap
[    0.033851]   Normal zone: 1277952 pages, LIFO batch:63
[    0.063656] ACPI: PM-Timer IO Port: 0x408
[    0.063659] ACPI: Local APIC address 0xfee00000
[    0.063665] ACPI: LAPIC_NMI (acpi_id[0x00] dfl dfl lint[0x1])
[    0.063666] ACPI: LAPIC_NMI (acpi_id[0x01] dfl dfl lint[0x1])
[    0.063667] ACPI: LAPIC_NMI (acpi_id[0x02] dfl dfl lint[0x1])
[    0.063669] ACPI: LAPIC_NMI (acpi_id[0x03] dfl dfl lint[0x1])
[    0.063678] IOAPIC[0]: apic_id 2, version 32, address 0xfec00000, GSI 0-23
[    0.063680] ACPI: INT_SRC_OVR (bus 0 bus_irq 0 global_irq 2 dfl dfl)
[    0.063683] ACPI: INT_SRC_OVR (bus 0 bus_irq 9 global_irq 9 high level)
[    0.063684] ACPI: IRQ0 used by override.
[    0.063685] ACPI: IRQ9 used by override.
[    0.063687] Using ACPI (MADT) for SMP configuration information
[    0.063688] ACPI: HPET id: 0x8086a201 base: 0xfed00000
[    0.063696] smpboot: Allowing 4 CPUs, 0 hotplug CPUs
[    0.063711] PM: Registered nosave memory: [mem 0x00000000-0x00000fff]
[    0.063714] PM: Registered nosave memory: [mem 0x0009d000-0x0009ffff]
[    0.063715] PM: Registered nosave memory: [mem 0x000a0000-0x000effff]
[    0.063716] PM: Registered nosave memory: [mem 0x000f0000-0x000fffff]
[    0.063717] PM: Registered nosave memory: [mem 0xc7ee0000-0xc7ee2fff]
[    0.063719] PM: Registered nosave memory: [mem 0xc7ee3000-0xc7eeffff]
[    0.063720] PM: Registered nosave memory: [mem 0xc7ef0000-0xc7efffff]
[    0.063721] PM: Registered nosave memory: [mem 0xc7f00000-0xdfffffff]
[    0.063722] PM: Registered nosave memory: [mem 0xe0000000-0xefffffff]
[    0.063723] PM: Registered nosave memory: [mem 0xf0000000-0xfebfffff]
[    0.063724] PM: Registered nosave memory: [mem 0xfec00000-0xffffffff]
[    0.063726] [mem 0xc7f00000-0xdfffffff] available for PCI devices
[    0.063730] clocksource: refined-jiffies: mask: 0xffffffff max_cycles: 0xffffffff, max_idle_ns: 1910969940391419 ns
[    0.300197] random: get_random_bytes called from start_kernel+0x8a/0x4af with crng_init=0
[    0.300206] setup_percpu: NR_CPUS:8 nr_cpumask_bits:8 nr_cpu_ids:4 nr_node_ids:1
[    0.300775] percpu: Embedded 44 pages/cpu s142680 r8192 d29352 u524288
[    0.300781] pcpu-alloc: s142680 r8192 d29352 u524288 alloc=1*2097152
[    0.300782] pcpu-alloc: [0] 0 1 2 3 
[    0.300803] Built 1 zonelists, mobility grouping on.  Total pages: 2063979
[    0.300805] Policy zone: Normal
[    0.300808] Kernel command line: BOOT_IMAGE=/vmlinuz-4.19.66-gentoo root=/dev/mapper/volgroup--ssd-Gentoo ro init=/lib/systemd/systemd dolvm resume=/dev/volgroup-sshd/Swap
[    0.372673] Memory: 8035032K/8387056K available (16396K kernel code, 1779K rwdata, 4864K rodata, 1352K init, 1532K bss, 352024K reserved, 0K cma-reserved)
[    0.372734] SLUB: HWalign=64, Order=0-3, MinObjects=0, CPUs=4, Nodes=1
[    0.372742] Kernel/User page tables isolation: enabled
[    0.372934] rcu: Preemptible hierarchical RCU implementation.
[    0.372936] rcu: 	RCU restricting CPUs from NR_CPUS=8 to nr_cpu_ids=4.
[    0.372937] 	Tasks RCU enabled.
[    0.372938] rcu: Adjusting geometry for rcu_fanout_leaf=16, nr_cpu_ids=4
[    0.373283] NR_IRQS: 4352, nr_irqs: 456, preallocated irqs: 16
[    0.375969] Console: colour VGA+ 80x25
[    0.380921] console [tty0] enabled
[    0.380984] ACPI: Core revision 20180810
[    0.381186] clocksource: hpet: mask: 0xffffffff max_cycles: 0xffffffff, max_idle_ns: 133484882848 ns
[    0.381262] hpet clockevent registered
[    0.381268] APIC: Switch to symmetric I/O mode setup
[    0.381673] ..TIMER: vector=0x30 apic1=0 pin1=2 apic2=-1 pin2=-1
[    0.386266] clocksource: tsc-early: mask: 0xffffffffffffffff max_cycles: 0x28d72206f13, max_idle_ns: 440795262408 ns
[    0.386347] Calibrating delay loop (skipped), value calculated using timer frequency.. 5666.60 BogoMIPS (lpj=2833300)
[    0.386418] pid_max: default: 32768 minimum: 301
[    0.386487] Security Framework initialized
[    0.386539] AppArmor: AppArmor disabled by boot time parameter
[    0.389775] Dentry cache hash table entries: 1048576 (order: 11, 8388608 bytes)
[    0.391514] Inode-cache hash table entries: 524288 (order: 10, 4194304 bytes)
[    0.391636] Mount-cache hash table entries: 16384 (order: 5, 131072 bytes)
[    0.391742] Mountpoint-cache hash table entries: 16384 (order: 5, 131072 bytes)
[    0.392044] CPU0: Thermal monitoring enabled (TM2)
[    0.392096] process: using mwait in idle threads
[    0.392149] Last level iTLB entries: 4KB 128, 2MB 4, 4MB 4
[    0.392199] Last level dTLB entries: 4KB 256, 2MB 0, 4MB 32, 1GB 0
[    0.392251] Spectre V1 : Mitigation: usercopy/swapgs barriers and __user pointer sanitization
[    0.392318] Spectre V2 : Mitigation: Full generic retpoline
[    0.392339] Spectre V2 : Spectre v2 / SpectreRSB mitigation: Filling RSB on context switch
[    0.392404] Speculative Store Bypass: Vulnerable
[    0.392480] MDS: Vulnerable: Clear CPU buffers attempted, no microcode
[    0.392710] Freeing SMP alternatives memory: 48K
[    0.394336] smpboot: CPU0: Intel(R) Core(TM)2 Quad  CPU   Q9550  @ 2.83GHz (family: 0x6, model: 0x17, stepping: 0x7)
[    0.399347] Performance Events: PEBS fmt0+, Core2 events, Intel PMU driver.
[    0.399412] ... version:                2
[    0.399462] ... bit width:              40
[    0.399516] ... generic registers:      2
[    0.399564] ... value mask:             000000ffffffffff
[    0.399614] ... max period:             000000007fffffff
[    0.399664] ... fixed-purpose events:   3
[    0.399712] ... event mask:             0000000700000003
[    0.401341] rcu: Hierarchical SRCU implementation.
[    0.405341] smp: Bringing up secondary CPUs ...
[    0.413355] x86: Booting SMP configuration:
[    0.413406] .... node  #0, CPUs:      #1 #2 #3
[    0.447396] smp: Brought up 1 node, 4 CPUs
[    0.447447] smpboot: Max logical packages: 1
[    0.447496] smpboot: Total of 4 processors activated (22666.40 BogoMIPS)
[    0.448578] devtmpfs: initialized
[    0.449527] PM: Registering ACPI NVS region [mem 0xc7ee0000-0xc7ee2fff] (12288 bytes)
[    0.449546] clocksource: jiffies: mask: 0xffffffff max_cycles: 0xffffffff, max_idle_ns: 1911260446275000 ns
[    0.449546] futex hash table entries: 1024 (order: 4, 65536 bytes)
[    0.449566] xor: measuring software checksum speed
[    0.458975]    prefetch64-sse: 15788.000 MB/sec
[    0.468975]    generic_sse: 13396.000 MB/sec
[    0.469024] xor: using function: prefetch64-sse (15788.000 MB/sec)
[    0.469077] pinctrl core: initialized pinctrl subsystem
[    0.469320] NET: Registered protocol family 16
[    0.469452] audit: initializing netlink subsys (disabled)
[    0.469508] audit: type=2000 audit(1570437263.088:1): state=initialized audit_enabled=0 res=1
[    0.470348] cpuidle: using governor ladder
[    0.471344] cpuidle: using governor menu
[    0.471464] ACPI: bus type PCI registered
[    0.471569] PCI: MMCONFIG for domain 0000 [bus 00-ff] at [mem 0xe0000000-0xefffffff] (base 0xe0000000)
[    0.471638] PCI: MMCONFIG at [mem 0xe0000000-0xefffffff] reserved in E820
[    0.471695] pmd_set_huge: Cannot satisfy [mem 0xe0000000-0xe0200000] with a huge-page mapping due to MTRR override.
[    0.472406] PCI: Using configuration type 1 for base access
[    0.475404] cryptd: max_cpu_qlen set to 1000
[    0.492347] raid6: sse2x1   gen()  4484 MB/s
[    0.509342] raid6: sse2x1   xor()  4851 MB/s
[    0.527347] raid6: sse2x2   gen()  5261 MB/s
[    0.544342] raid6: sse2x2   xor()  5972 MB/s
[    0.561339] raid6: sse2x4   gen()  8535 MB/s
[    0.578340] raid6: sse2x4   xor()  6550 MB/s
[    0.578389] raid6: using algorithm sse2x4 gen() 8535 MB/s
[    0.578439] raid6: .... xor() 6550 MB/s, rmw enabled
[    0.578489] raid6: using ssse3x2 recovery algorithm
[    0.578607] ACPI: Added _OSI(Module Device)
[    0.578661] ACPI: Added _OSI(Processor Device)
[    0.578715] ACPI: Added _OSI(3.0 _SCP Extensions)
[    0.578769] ACPI: Added _OSI(Processor Aggregator Device)
[    0.578819] ACPI: Added _OSI(Linux-Dell-Video)
[    0.578868] ACPI: Added _OSI(Linux-Lenovo-NV-HDMI-Audio)
[    0.580395] ACPI: 2 ACPI AML tables successfully acquired and loaded
[    0.582344] ACPI: Dynamic OEM Table Load:
[    0.582398] ACPI: SSDT 0xFFFF8D86AE078800 00022A (v01 PmRef  Cpu0Ist  00003000 INTL 20040311)
[    0.582620] ACPI: Dynamic OEM Table Load:
[    0.582673] ACPI: SSDT 0xFFFF8D86AE06E800 000152 (v01 PmRef  Cpu1Ist  00003000 INTL 20040311)
[    0.582868] ACPI: Dynamic OEM Table Load:
[    0.582921] ACPI: SSDT 0xFFFF8D86AE06EA00 000152 (v01 PmRef  Cpu2Ist  00003000 INTL 20040311)
[    0.583114] ACPI: Dynamic OEM Table Load:
[    0.583174] ACPI: SSDT 0xFFFF8D86AE06EC00 000152 (v01 PmRef  Cpu3Ist  00003000 INTL 20040311)
[    0.583496] ACPI: Interpreter enabled
[    0.583559] ACPI: (supports S0 S3 S4 S5)
[    0.583608] ACPI: Using IOAPIC for interrupt routing
[    0.583675] PCI: Using host bridge windows from ACPI; if necessary, use "pci=nocrs" and report a bug
[    0.583875] ACPI: Enabled 9 GPEs in block 00 to 1F
[    0.587911] ACPI: PCI Root Bridge [PCI0] (domain 0000 [bus 00-ff])
[    0.587967] acpi PNP0A03:00: _OSC: OS supports [ExtendedConfig ASPM ClockPM Segments MSI]
[    0.588036] acpi PNP0A03:00: _OSC failed (AE_NOT_FOUND); disabling ASPM
[    0.588213] PCI host bridge to bus 0000:00
[    0.588264] pci_bus 0000:00: root bus resource [io  0x0000-0x0cf7 window]
[    0.588317] pci_bus 0000:00: root bus resource [io  0x0d00-0xffff window]
[    0.588339] pci_bus 0000:00: root bus resource [mem 0x000a0000-0x000bffff window]
[    0.588405] pci_bus 0000:00: root bus resource [mem 0x000c0000-0x000dffff window]
[    0.588470] pci_bus 0000:00: root bus resource [mem 0xc7f00000-0xfebfffff window]
[    0.588536] pci_bus 0000:00: root bus resource [bus 00-ff]
[    0.588593] pci 0000:00:00.0: [8086:2e30] type 00 class 0x060000
[    0.588613] DMAR: Disabling IOMMU for graphics on this chipset
[    0.588664] DMAR: Forcing write-buffer flush capability
[    0.588797] pci 0000:00:01.0: [8086:2e31] type 01 class 0x060400
[    0.588830] pci 0000:00:01.0: PME# supported from D0 D3hot D3cold
[    0.588923] pci 0000:00:1b.0: [8086:27d8] type 00 class 0x040300
[    0.588940] pci 0000:00:1b.0: reg 0x10: [mem 0xdfff8000-0xdfffbfff 64bit]
[    0.589000] pci 0000:00:1b.0: PME# supported from D0 D3hot D3cold
[    0.589089] pci 0000:00:1c.0: [8086:27d0] type 01 class 0x060400
[    0.589157] pci 0000:00:1c.0: PME# supported from D0 D3hot D3cold
[    0.589241] pci 0000:00:1c.1: [8086:27d2] type 01 class 0x060400
[    0.589340] pci 0000:00:1c.1: PME# supported from D0 D3hot D3cold
[    0.589426] pci 0000:00:1d.0: [8086:27c8] type 00 class 0x0c0300
[    0.589461] pci 0000:00:1d.0: reg 0x20: [io  0xff00-0xff1f]
[    0.589550] pci 0000:00:1d.1: [8086:27c9] type 00 class 0x0c0300
[    0.589585] pci 0000:00:1d.1: reg 0x20: [io  0xfe00-0xfe1f]
[    0.589673] pci 0000:00:1d.2: [8086:27ca] type 00 class 0x0c0300
[    0.589708] pci 0000:00:1d.2: reg 0x20: [io  0xfd00-0xfd1f]
[    0.589805] pci 0000:00:1d.3: [8086:27cb] type 00 class 0x0c0300
[    0.589840] pci 0000:00:1d.3: reg 0x20: [io  0xfc00-0xfc1f]
[    0.589932] pci 0000:00:1d.7: [8086:27cc] type 00 class 0x0c0320
[    0.589949] pci 0000:00:1d.7: reg 0x10: [mem 0xdffff000-0xdffff3ff]
[    0.590083] pci 0000:00:1e.0: [8086:244e] type 01 class 0x060401
[    0.590208] pci 0000:00:1f.0: [8086:27b8] type 00 class 0x060100
[    0.590278] pci 0000:00:1f.0: quirk: [io  0x0400-0x047f] claimed by ICH6 ACPI/GPIO/TCO
[    0.590342] pci 0000:00:1f.0: quirk: [io  0x0580-0x05bf] claimed by ICH6 GPIO
[    0.590397] pci 0000:00:1f.0: ICH7 LPC Generic IO decode 1 PIO at 0800 (mask 000f)
[    0.590463] pci 0000:00:1f.0: ICH7 LPC Generic IO decode 2 PIO at 0290 (mask 000f)
[    0.590620] pci 0000:00:1f.1: [8086:27df] type 00 class 0x01018a
[    0.590633] pci 0000:00:1f.1: reg 0x10: [io  0x0000-0x0007]
[    0.590641] pci 0000:00:1f.1: reg 0x14: [io  0x0000-0x0003]
[    0.590648] pci 0000:00:1f.1: reg 0x18: [io  0x0000-0x0007]
[    0.590655] pci 0000:00:1f.1: reg 0x1c: [io  0x0000-0x0003]
[    0.590662] pci 0000:00:1f.1: reg 0x20: [io  0xf900-0xf90f]
[    0.590677] pci 0000:00:1f.1: legacy IDE quirk: reg 0x10: [io  0x01f0-0x01f7]
[    0.590736] pci 0000:00:1f.1: legacy IDE quirk: reg 0x14: [io  0x03f6]
[    0.590789] pci 0000:00:1f.1: legacy IDE quirk: reg 0x18: [io  0x0170-0x0177]
[    0.590842] pci 0000:00:1f.1: legacy IDE quirk: reg 0x1c: [io  0x0376]
[    0.590967] pci 0000:00:1f.2: [8086:27c0] type 00 class 0x01018f
[    0.590980] pci 0000:00:1f.2: reg 0x10: [io  0xf800-0xf807]
[    0.590986] pci 0000:00:1f.2: reg 0x14: [io  0xf700-0xf703]
[    0.590992] pci 0000:00:1f.2: reg 0x18: [io  0xf600-0xf607]
[    0.590998] pci 0000:00:1f.2: reg 0x1c: [io  0xf500-0xf503]
[    0.591004] pci 0000:00:1f.2: reg 0x20: [io  0xf400-0xf40f]
[    0.591033] pci 0000:00:1f.2: PME# supported from D3hot
[    0.591107] pci 0000:00:1f.3: [8086:27da] type 00 class 0x0c0500
[    0.591163] pci 0000:00:1f.3: reg 0x20: [io  0x0500-0x051f]
[    0.591284] pci 0000:01:00.0: [10de:1287] type 00 class 0x030000
[    0.591300] pci 0000:01:00.0: reg 0x10: [mem 0xdd000000-0xddffffff]
[    0.591309] pci 0000:01:00.0: reg 0x14: [mem 0xc8000000-0xcfffffff 64bit pref]
[    0.591318] pci 0000:01:00.0: reg 0x1c: [mem 0xd6000000-0xd7ffffff 64bit pref]
[    0.591325] pci 0000:01:00.0: reg 0x24: [io  0xdf00-0xdf7f]
[    0.591344] pci 0000:01:00.0: reg 0x30: [mem 0x00000000-0x0007ffff pref]
[    0.591395] pci 0000:01:00.0: 16.000 Gb/s available PCIe bandwidth, limited by 2.5 GT/s x8 link at 0000:00:01.0 (capable of 32.000 Gb/s with 5 GT/s x8 link)
[    0.591511] pci 0000:01:00.1: [10de:0e0f] type 00 class 0x040300
[    0.591525] pci 0000:01:00.1: reg 0x10: [mem 0xdeffc000-0xdeffffff]
[    0.591640] pci 0000:00:01.0: ASPM: current common clock configuration is broken, reconfiguring
[    0.591733] pci 0000:00:01.0: PCI bridge to [bus 01]
[    0.591784] pci 0000:00:01.0:   bridge window [io  0xd000-0xdfff]
[    0.591786] pci 0000:00:01.0:   bridge window [mem 0xdd000000-0xdeffffff]
[    0.591789] pci 0000:00:01.0:   bridge window [mem 0xc8000000-0xd7ffffff 64bit pref]
[    0.591840] pci 0000:02:00.0: [1b21:0612] type 00 class 0x010601
[    0.591867] pci 0000:02:00.0: reg 0x10: [io  0xcf00-0xcf07]
[    0.591878] pci 0000:02:00.0: reg 0x14: [io  0xce00-0xce03]
[    0.591890] pci 0000:02:00.0: reg 0x18: [io  0xcd00-0xcd07]
[    0.591901] pci 0000:02:00.0: reg 0x1c: [io  0xcc00-0xcc03]
[    0.591913] pci 0000:02:00.0: reg 0x20: [io  0xcb00-0xcb1f]
[    0.591924] pci 0000:02:00.0: reg 0x24: [mem 0xdfdff000-0xdfdff1ff]
[    0.591936] pci 0000:02:00.0: reg 0x30: [mem 0x00000000-0x0000ffff pref]
[    0.592021] pci 0000:02:00.0: 2.000 Gb/s available PCIe bandwidth, limited by 2.5 GT/s x1 link at 0000:00:1c.0 (capable of 4.000 Gb/s with 5 GT/s x1 link)
[    0.592152] pci 0000:00:1c.0: PCI bridge to [bus 02]
[    0.592204] pci 0000:00:1c.0:   bridge window [io  0xc000-0xcfff]
[    0.592207] pci 0000:00:1c.0:   bridge window [mem 0xdfd00000-0xdfdfffff]
[    0.592260] pci 0000:03:00.0: [1969:1083] type 00 class 0x020000
[    0.592290] pci 0000:03:00.0: reg 0x10: [mem 0xdfec0000-0xdfefffff 64bit]
[    0.592300] pci 0000:03:00.0: reg 0x18: [io  0xbf00-0xbf7f]
[    0.592402] pci 0000:03:00.0: PME# supported from D0 D1 D2 D3hot D3cold
[    0.592483] pci 0000:00:1c.1: ASPM: current common clock configuration is broken, reconfiguring
[    0.595357] pci 0000:00:1c.1: PCI bridge to [bus 03]
[    0.595411] pci 0000:00:1c.1:   bridge window [io  0xb000-0xbfff]
[    0.595415] pci 0000:00:1c.1:   bridge window [mem 0xdfe00000-0xdfefffff]
[    0.595435] pci_bus 0000:04: extended config space not accessible
[    0.595547] pci 0000:00:1e.0: PCI bridge to [bus 04] (subtractive decode)
[    0.595606] pci 0000:00:1e.0:   bridge window [io  0x0000-0x0cf7 window] (subtractive decode)
[    0.595607] pci 0000:00:1e.0:   bridge window [io  0x0d00-0xffff window] (subtractive decode)
[    0.595609] pci 0000:00:1e.0:   bridge window [mem 0x000a0000-0x000bffff window] (subtractive decode)
[    0.595610] pci 0000:00:1e.0:   bridge window [mem 0x000c0000-0x000dffff window] (subtractive decode)
[    0.595612] pci 0000:00:1e.0:   bridge window [mem 0xc7f00000-0xfebfffff window] (subtractive decode)
[    0.596079] ACPI: PCI Interrupt Link [LNKA] (IRQs 3 4 5 6 7 9 *10 11 12 14 15)
[    0.596197] ACPI: PCI Interrupt Link [LNKB] (IRQs 3 4 *5 6 7 9 10 11 12 14 15)
[    0.596312] ACPI: PCI Interrupt Link [LNKC] (IRQs 3 4 5 6 7 *9 10 11 12 14 15)
[    0.596384] ACPI: PCI Interrupt Link [LNKD] (IRQs 3 4 5 6 7 9 10 *11 12 14 15)
[    0.596498] ACPI: PCI Interrupt Link [LNKE] (IRQs 3 4 5 6 7 9 10 11 12 14 15) *0, disabled.
[    0.596615] ACPI: PCI Interrupt Link [LNKF] (IRQs 3 4 5 6 7 9 10 11 12 14 15) *0, disabled.
[    0.596736] ACPI: PCI Interrupt Link [LNK0] (IRQs 3 4 5 6 7 9 10 11 12 14 15) *0, disabled.
[    0.596853] ACPI: PCI Interrupt Link [LNK1] (IRQs *3 4 5 6 7 9 10 11 12 14 15)
[    0.597053] pci 0000:01:00.0: vgaarb: setting as boot VGA device
[    0.597053] pci 0000:01:00.0: vgaarb: VGA device added: decodes=io+mem,owns=io+mem,locks=none
[    0.597053] pci 0000:01:00.0: vgaarb: bridge control possible
[    0.597053] vgaarb: loaded
[    0.597431] SCSI subsystem initialized
[    0.597522] libata version 3.00 loaded.
[    0.597522] ACPI: bus type USB registered
[    0.597522] usbcore: registered new interface driver usbfs
[    0.597524] usbcore: registered new interface driver hub
[    0.597603] usbcore: registered new device driver usb
[    0.597664] media: Linux media interface: v0.10
[    0.597718] videodev: Linux video capture interface: v2.00
[    0.597781] pps_core: LinuxPPS API ver. 1 registered
[    0.597831] pps_core: Software ver. 5.3.6 - Copyright 2005-2007 Rodolfo Giometti <giometti@linux.it>
[    0.597903] PTP clock support registered
[    0.598009] EDAC MC: Ver: 3.0.0
[    0.598403] Advanced Linux Sound Architecture Driver Initialized.
[    0.598454] PCI: Using ACPI for IRQ routing
[    0.603706] PCI: pci_cache_line_size set to 64 bytes
[    0.603754] e820: reserve RAM buffer [mem 0x0009d800-0x0009ffff]
[    0.603756] e820: reserve RAM buffer [mem 0xc7ee0000-0xc7ffffff]
[    0.603855] Bluetooth: Core ver 2.22
[    0.603909] NET: Registered protocol family 31
[    0.603958] Bluetooth: HCI device and connection manager initialized
[    0.604011] Bluetooth: HCI socket layer initialized
[    0.604061] Bluetooth: L2CAP socket layer initialized
[    0.604117] Bluetooth: SCO socket layer initialized
[    0.604181] NetLabel: Initializing
[    0.604228] NetLabel:  domain hash size = 128
[    0.604277] NetLabel:  protocols = UNLABELED CIPSOv4 CALIPSO
[    0.604346] NetLabel:  unlabeled traffic allowed by default
[    0.605946] HPET: 3 timers in total, 0 timers will be used for per-cpu timer
[    0.606024] clocksource: Switched to clocksource tsc-early
[    0.629525] VFS: Disk quotas dquot_6.6.0
[    0.629596] VFS: Dquot-cache hash table entries: 512 (order 0, 4096 bytes)
[    0.629686] FS-Cache: Loaded
[    0.633283] pnp: PnP ACPI init
[    0.633495] system 00:00: [io  0x04d0-0x04d1] has been reserved
[    0.633547] system 00:00: [io  0x0290-0x029f] has been reserved
[    0.633599] system 00:00: [io  0x0800-0x087f] has been reserved
[    0.633651] system 00:00: [io  0x0290-0x0294] has been reserved
[    0.633702] system 00:00: [io  0x0880-0x088f] has been reserved
[    0.633758] system 00:00: Plug and Play ACPI device, IDs PNP0c02 (active)
[    0.633823] pnp 00:01: Plug and Play ACPI device, IDs PNP0b00 (active)
[    0.634061] pnp 00:02: Plug and Play ACPI device, IDs PNP0501 (active)
[    0.634232] pnp 00:03: Plug and Play ACPI device, IDs PNP0400 (active)
[    0.634360] system 00:04: [io  0x0400-0x047f] has been reserved
[    0.634415] system 00:04: Plug and Play ACPI device, IDs PNP0c02 (active)
[    0.634597] system 00:05: [mem 0xe0000000-0xefffffff] has been reserved
[    0.634653] system 00:05: Plug and Play ACPI device, IDs PNP0c02 (active)
[    0.634808] system 00:06: [mem 0x000d8800-0x000dbfff] has been reserved
[    0.634867] system 00:06: [mem 0x000f0000-0x000f7fff] could not be reserved
[    0.634926] system 00:06: [mem 0x000f8000-0x000fbfff] could not be reserved
[    0.634979] system 00:06: [mem 0x000fc000-0x000fffff] could not be reserved
[    0.635032] system 00:06: [mem 0xc7ee0000-0xc7eeffff] could not be reserved
[    0.635085] system 00:06: [mem 0x00000000-0x0009ffff] could not be reserved
[    0.635138] system 00:06: [mem 0x00100000-0xc7edffff] could not be reserved
[    0.635192] system 00:06: [mem 0xc7ef0000-0xc7efffff] has been reserved
[    0.635244] system 00:06: [mem 0xfec00000-0xfec00fff] could not be reserved
[    0.635303] system 00:06: [mem 0xfed13000-0xfed1dfff] has been reserved
[    0.635355] system 00:06: [mem 0xfed20000-0xfed8ffff] has been reserved
[    0.635408] system 00:06: [mem 0xfee00000-0xfee00fff] has been reserved
[    0.635461] system 00:06: [mem 0xffb00000-0xffb7ffff] has been reserved
[    0.635517] system 00:06: [mem 0xfff00000-0xffffffff] has been reserved
[    0.635570] system 00:06: [mem 0x000e0000-0x000effff] has been reserved
[    0.635626] system 00:06: Plug and Play ACPI device, IDs PNP0c01 (active)
[    0.635631] pnp: PnP ACPI: found 7 devices
[    0.640217] clocksource: acpi_pm: mask: 0xffffff max_cycles: 0xffffff, max_idle_ns: 2085701024 ns
[    0.640309] pci 0000:00:1c.0: bridge window [mem 0x00100000-0x000fffff 64bit pref] to [bus 02] add_size 200000 add_align 100000
[    0.640316] pci 0000:00:1c.1: bridge window [mem 0x00100000-0x000fffff 64bit pref] to [bus 03] add_size 200000 add_align 100000
[    0.640329] pci 0000:00:1c.0: BAR 9: assigned [mem 0xd8000000-0xd81fffff 64bit pref]
[    0.640397] pci 0000:00:1c.1: BAR 9: assigned [mem 0xd8200000-0xd83fffff 64bit pref]
[    0.640464] pci 0000:01:00.0: BAR 6: assigned [mem 0xde000000-0xde07ffff pref]
[    0.640533] pci 0000:00:01.0: PCI bridge to [bus 01]
[    0.640584] pci 0000:00:01.0:   bridge window [io  0xd000-0xdfff]
[    0.640637] pci 0000:00:01.0:   bridge window [mem 0xdd000000-0xdeffffff]
[    0.640690] pci 0000:00:01.0:   bridge window [mem 0xc8000000-0xd7ffffff 64bit pref]
[    0.640758] pci 0000:02:00.0: BAR 6: assigned [mem 0xdfd00000-0xdfd0ffff pref]
[    0.640823] pci 0000:00:1c.0: PCI bridge to [bus 02]
[    0.640884] pci 0000:00:1c.0:   bridge window [io  0xc000-0xcfff]
[    0.640937] pci 0000:00:1c.0:   bridge window [mem 0xdfd00000-0xdfdfffff]
[    0.640991] pci 0000:00:1c.0:   bridge window [mem 0xd8000000-0xd81fffff 64bit pref]
[    0.641060] pci 0000:00:1c.1: PCI bridge to [bus 03]
[    0.641110] pci 0000:00:1c.1:   bridge window [io  0xb000-0xbfff]
[    0.641164] pci 0000:00:1c.1:   bridge window [mem 0xdfe00000-0xdfefffff]
[    0.641218] pci 0000:00:1c.1:   bridge window [mem 0xd8200000-0xd83fffff 64bit pref]
[    0.641296] pci 0000:00:1e.0: PCI bridge to [bus 04]
[    0.641353] pci_bus 0000:00: resource 4 [io  0x0000-0x0cf7 window]
[    0.641355] pci_bus 0000:00: resource 5 [io  0x0d00-0xffff window]
[    0.641356] pci_bus 0000:00: resource 6 [mem 0x000a0000-0x000bffff window]
[    0.641358] pci_bus 0000:00: resource 7 [mem 0x000c0000-0x000dffff window]
[    0.641359] pci_bus 0000:00: resource 8 [mem 0xc7f00000-0xfebfffff window]
[    0.641360] pci_bus 0000:01: resource 0 [io  0xd000-0xdfff]
[    0.641361] pci_bus 0000:01: resource 1 [mem 0xdd000000-0xdeffffff]
[    0.641363] pci_bus 0000:01: resource 2 [mem 0xc8000000-0xd7ffffff 64bit pref]
[    0.641364] pci_bus 0000:02: resource 0 [io  0xc000-0xcfff]
[    0.641365] pci_bus 0000:02: resource 1 [mem 0xdfd00000-0xdfdfffff]
[    0.641366] pci_bus 0000:02: resource 2 [mem 0xd8000000-0xd81fffff 64bit pref]
[    0.641368] pci_bus 0000:03: resource 0 [io  0xb000-0xbfff]
[    0.641369] pci_bus 0000:03: resource 1 [mem 0xdfe00000-0xdfefffff]
[    0.641370] pci_bus 0000:03: resource 2 [mem 0xd8200000-0xd83fffff 64bit pref]
[    0.641372] pci_bus 0000:04: resource 4 [io  0x0000-0x0cf7 window]
[    0.641373] pci_bus 0000:04: resource 5 [io  0x0d00-0xffff window]
[    0.641374] pci_bus 0000:04: resource 6 [mem 0x000a0000-0x000bffff window]
[    0.641375] pci_bus 0000:04: resource 7 [mem 0x000c0000-0x000dffff window]
[    0.641377] pci_bus 0000:04: resource 8 [mem 0xc7f00000-0xfebfffff window]
[    0.641438] NET: Registered protocol family 2
[    0.641645] tcp_listen_portaddr_hash hash table entries: 4096 (order: 4, 65536 bytes)
[    0.641758] TCP established hash table entries: 65536 (order: 7, 524288 bytes)
[    0.642036] TCP bind hash table entries: 65536 (order: 8, 1048576 bytes)
[    0.642415] TCP: Hash tables configured (established 65536 bind 65536)
[    0.642521] UDP hash table entries: 4096 (order: 5, 131072 bytes)
[    0.643484] UDP-Lite hash table entries: 4096 (order: 5, 131072 bytes)
[    0.643608] NET: Registered protocol family 1
[    0.643817] RPC: Registered named UNIX socket transport module.
[    0.643880] RPC: Registered udp transport module.
[    0.643929] RPC: Registered tcp transport module.
[    0.643978] RPC: Registered tcp NFSv4.1 backchannel transport module.
[    0.656556] pci 0000:00:1d.7: quirk_usb_early_handoff+0x0/0x69f took 11590 usecs
[    0.656654] pci 0000:01:00.0: Video device with shadowed ROM at [mem 0x000c0000-0x000dffff]
[    0.656737] pci 0000:01:00.1: Linked as a consumer to 0000:01:00.0
[    0.656821] pci 0000:03:00.0: [Firmware Bug]: disabling VPD access (can't determine size of non-standard VPD format)
[    0.656898] PCI: CLS 4 bytes, default 64
[    0.656941] Unpacking initramfs...
[   11.123119] Freeing initrd memory: 119208K
[   11.123177] PCI-DMA: Using software bounce buffering for IO (SWIOTLB)
[   11.123229] software IO TLB: mapped [mem 0xc3ee0000-0xc7ee0000] (64MB)
[   11.124631] Initialise system trusted keyrings
[   11.124784] workingset: timestamp_bits=40 max_order=21 bucket_order=0
[   11.127006] FS-Cache: Netfs 'nfs' registered for caching
[   11.127197] NFS: Registering the id_resolver key type
[   11.127250] Key type id_resolver registered
[   11.127299] Key type id_legacy registered
[   11.127363] nfs4filelayout_init: NFSv4 File Layout Driver Registering...
[   11.127418] Installing knfsd (copyright (C) 1996 okir@monad.swb.de).
[   11.127794] FS-Cache: Netfs 'cifs' registered for caching
[   11.127914] Key type cifs.spnego registered
[   11.127964] Key type cifs.idmap registered
[   11.128267] FS-Cache: Netfs 'ceph' registered for caching
[   11.128319] ceph: loaded (mds proto 32)
[   11.128540] cryptomgr_test (57) used greatest stack depth: 15480 bytes left
[   11.131507] cryptomgr_test (97) used greatest stack depth: 15104 bytes left
[   11.133414] NET: Registered protocol family 38
[   11.133540] async_tx: api initialized (async)
[   11.133598] Key type asymmetric registered
[   11.133647] Asymmetric key parser 'x509' registered
[   11.133705] Block layer SCSI generic (bsg) driver version 0.4 loaded (major 245)
[   11.133850] io scheduler noop registered
[   11.133899] io scheduler deadline registered
[   11.133960] io scheduler cfq registered (default)
[   11.134009] io scheduler mq-deadline registered
[   11.134058] io scheduler kyber registered
[   11.134132] io scheduler bfq registered
[   11.134711] Serial: 8250/16550 driver, 4 ports, IRQ sharing enabled
[   11.155257] 00:02: ttyS0 at I/O 0x3f8 (irq = 4, base_baud = 115200) is a 16550A
[   11.155807] intel_rng: FWH not detected
[   11.155868] intel_idle: does not run on family 6 model 23
[   11.155868] version 39.2
[   11.156001] input: Power Button as /devices/LNXSYSTM:00/LNXSYBUS:00/PNP0C0C:00/input/input0
[   11.156076] ACPI: Power Button [PWRB]
[   11.156170] input: Power Button as /devices/LNXSYSTM:00/LNXPWRBN:00/input/input1
[   11.156246] ACPI: Power Button [PWRF]
[   11.157084] loop: module loaded
[   11.157516] ahci 0000:02:00.0: version 3.0
[   11.157628] ahci 0000:02:00.0: SSS flag set, parallel bus scan disabled
[   11.157715] ahci 0000:02:00.0: AHCI 0001.0200 32 slots 2 ports 6 Gbps 0x3 impl SATA mode
[   11.157782] ahci 0000:02:00.0: flags: 64bit ncq sntf stag led clo pmp pio slum part ccc sxs 
[   11.158117] scsi host0: ahci
[   11.158330] scsi host1: ahci
[   11.158442] ata1: SATA max UDMA/133 abar m512@0xdfdff000 port 0xdfdff100 irq 24
[   11.158508] ata2: SATA max UDMA/133 abar m512@0xdfdff000 port 0xdfdff180 irq 24
[   11.158607] ata_piix 0000:00:1f.1: version 2.13
[   11.159280] scsi host2: ata_piix
[   11.159480] scsi host3: ata_piix
[   11.159562] ata3: PATA max UDMA/100 cmd 0x1f0 ctl 0x3f6 bmdma 0xf900 irq 14
[   11.159615] ata4: PATA max UDMA/100 cmd 0x170 ctl 0x376 bmdma 0xf908 irq 15
[   11.159757] ata_piix 0000:00:1f.2: MAP [ P0 P2 P1 P3 ]
[   11.160446] scsi host4: ata_piix
[   11.160630] scsi host5: ata_piix
[   11.160710] ata5: SATA max UDMA/133 cmd 0xf800 ctl 0xf700 bmdma 0xf400 irq 19
[   11.160763] ata6: SATA max UDMA/133 cmd 0xf600 ctl 0xf500 bmdma 0xf408 irq 19
[   11.160947] libphy: Fixed MDIO Bus: probed
[   11.160999] tun: Universal TUN/TAP device driver, 1.6
[   11.184528] atl1c 0000:03:00.0: version 1.0.1.1-NAPI
[   11.184601] e100: Intel(R) PRO/100 Network Driver, 3.5.24-k2-NAPI
[   11.184652] e100: Copyright(c) 1999-2006 Intel Corporation
[   11.184716] e1000: Intel(R) PRO/1000 Network Driver - version 7.3.21-k8-NAPI
[   11.184768] e1000: Copyright (c) 1999-2006 Intel Corporation.
[   11.184831] e1000e: Intel(R) PRO/1000 Network Driver - 3.2.6-k
[   11.184881] e1000e: Copyright(c) 1999 - 2015 Intel Corporation.
[   11.184946] igb: Intel(R) Gigabit Ethernet Network Driver - version 5.4.0-k
[   11.184998] igb: Copyright (c) 2007-2014 Intel Corporation.
[   11.185060] igbvf: Intel(R) Gigabit Virtual Function Network Driver - version 2.4.0-k
[   11.185125] igbvf: Copyright (c) 2009 - 2012 Intel Corporation.
[   11.185186] ixgbe: Intel(R) 10 Gigabit PCI Express Network Driver - version 5.1.0-k
[   11.185251] ixgbe: Copyright (c) 1999-2016 Intel Corporation.
[   11.185376] ixgbevf: Intel(R) 10 Gigabit PCI Express Virtual Function Network Driver - version 4.1.0-k
[   11.185444] ixgbevf: Copyright (c) 2009 - 2015 Intel Corporation.
[   11.185557] i40e: Intel(R) Ethernet Connection XL710 Network Driver - version 2.3.2-k
[   11.185623] i40e: Copyright (c) 2013 - 2014 Intel Corporation.
[   11.185752] ixgb: Intel(R) PRO/10GbE Network Driver - version 1.0.135-k2-NAPI
[   11.185805] ixgb: Copyright (c) 1999-2008 Intel Corporation.
[   11.185866] i40evf: Intel(R) 40-10 Gigabit Virtual Function Network Driver - version 3.2.2-k
[   11.185932] Copyright (c) 2013 - 2015 Intel Corporation.
[   11.186041] Intel(R) Ethernet Switch Host Interface Driver - version 0.23.4-k
[   11.186094] Copyright(c) 2013 - 2018 Intel Corporation.
[   11.186222] PPP generic driver version 2.4.2
[   11.186329] PPP BSD Compression module registered
[   11.186382] PPP Deflate Compression module registered
[   11.186436] PPP MPPE Compression module registered
[   11.186486] NET: Registered protocol family 24
[   11.186538] PPTP driver version 0.8.5
[   11.186704] VMware vmxnet3 virtual NIC driver - version 1.4.16.0-k-NAPI
[   11.186767] Fusion MPT base driver 3.04.20
[   11.186815] Copyright (c) 1999-2008 LSI Corporation
[   11.186867] Fusion MPT SPI Host driver 3.04.20
[   11.186993] ehci_hcd: USB 2.0 'Enhanced' Host Controller (EHCI) Driver
[   11.187045] ehci-pci: EHCI PCI platform driver
[   11.187186] ehci-pci 0000:00:1d.7: EHCI Host Controller
[   11.187292] ehci-pci 0000:00:1d.7: new USB bus registered, assigned bus number 1
[   11.191275] ehci-pci 0000:00:1d.7: cache line size of 4 is not supported
[   11.191284] ehci-pci 0000:00:1d.7: irq 23, io mem 0xdffff000
[   11.198351] ehci-pci 0000:00:1d.7: USB 2.0 started, EHCI 1.00
[   11.198452] usb usb1: New USB device found, idVendor=1d6b, idProduct=0002, bcdDevice= 4.19
[   11.198525] usb usb1: New USB device strings: Mfr=3, Product=2, SerialNumber=1
[   11.198589] usb usb1: Product: EHCI Host Controller
[   11.198639] usb usb1: Manufacturer: Linux 4.19.66-gentoo ehci_hcd
[   11.198691] usb usb1: SerialNumber: 0000:00:1d.7
[   11.198858] hub 1-0:1.0: USB hub found
[   11.198913] hub 1-0:1.0: 8 ports detected
[   11.199149] uhci_hcd: USB Universal Host Controller Interface driver
[   11.199270] uhci_hcd 0000:00:1d.0: UHCI Host Controller
[   11.199397] uhci_hcd 0000:00:1d.0: new USB bus registered, assigned bus number 2
[   11.199482] uhci_hcd 0000:00:1d.0: irq 23, io base 0x0000ff00
[   11.199573] usb usb2: New USB device found, idVendor=1d6b, idProduct=0001, bcdDevice= 4.19
[   11.199639] usb usb2: New USB device strings: Mfr=3, Product=2, SerialNumber=1
[   11.199704] usb usb2: Product: UHCI Host Controller
[   11.199754] usb usb2: Manufacturer: Linux 4.19.66-gentoo uhci_hcd
[   11.199805] usb usb2: SerialNumber: 0000:00:1d.0
[   11.199963] hub 2-0:1.0: USB hub found
[   11.200017] hub 2-0:1.0: 2 ports detected
[   11.200218] uhci_hcd 0000:00:1d.1: UHCI Host Controller
[   11.200326] uhci_hcd 0000:00:1d.1: new USB bus registered, assigned bus number 3
[   11.200422] uhci_hcd 0000:00:1d.1: irq 19, io base 0x0000fe00
[   11.200513] usb usb3: New USB device found, idVendor=1d6b, idProduct=0001, bcdDevice= 4.19
[   11.200579] usb usb3: New USB device strings: Mfr=3, Product=2, SerialNumber=1
[   11.200644] usb usb3: Product: UHCI Host Controller
[   11.200694] usb usb3: Manufacturer: Linux 4.19.66-gentoo uhci_hcd
[   11.200745] usb usb3: SerialNumber: 0000:00:1d.1
[   11.200899] hub 3-0:1.0: USB hub found
[   11.200953] hub 3-0:1.0: 2 ports detected
[   11.201152] uhci_hcd 0000:00:1d.2: UHCI Host Controller
[   11.201258] uhci_hcd 0000:00:1d.2: new USB bus registered, assigned bus number 4
[   11.201364] uhci_hcd 0000:00:1d.2: irq 18, io base 0x0000fd00
[   11.201455] usb usb4: New USB device found, idVendor=1d6b, idProduct=0001, bcdDevice= 4.19
[   11.201522] usb usb4: New USB device strings: Mfr=3, Product=2, SerialNumber=1
[   11.201587] usb usb4: Product: UHCI Host Controller
[   11.201637] usb usb4: Manufacturer: Linux 4.19.66-gentoo uhci_hcd
[   11.201688] usb usb4: SerialNumber: 0000:00:1d.2
[   11.201842] hub 4-0:1.0: USB hub found
[   11.201896] hub 4-0:1.0: 2 ports detected
[   11.202095] uhci_hcd 0000:00:1d.3: UHCI Host Controller
[   11.202202] uhci_hcd 0000:00:1d.3: new USB bus registered, assigned bus number 5
[   11.202292] uhci_hcd 0000:00:1d.3: irq 16, io base 0x0000fc00
[   11.202398] usb usb5: New USB device found, idVendor=1d6b, idProduct=0001, bcdDevice= 4.19
[   11.202465] usb usb5: New USB device strings: Mfr=3, Product=2, SerialNumber=1
[   11.203380] usb usb5: Product: UHCI Host Controller
[   11.203430] usb usb5: Manufacturer: Linux 4.19.66-gentoo uhci_hcd
[   11.203481] usb usb5: SerialNumber: 0000:00:1d.3
[   11.203636] hub 5-0:1.0: USB hub found
[   11.203690] hub 5-0:1.0: 2 ports detected
[   11.203859] usbcore: registered new interface driver usb-storage
[   11.203918] usbcore: registered new interface driver iowarrior
[   11.203980] usbcore: registered new interface driver usbtest
[   11.204050] i8042: PNP: No PS/2 controller found.
[   11.204099] i8042: Probing ports directly.
[   11.204507] serio: i8042 KBD port at 0x60,0x64 irq 1
[   11.204599] serio: i8042 AUX port at 0x60,0x64 irq 12
[   11.204747] mousedev: PS/2 mouse device common for all mice
[   11.204976] rtc_cmos 00:01: RTC can wake from S4
[   11.205161] rtc_cmos 00:01: registered as rtc0
[   11.205227] rtc_cmos 00:01: alarms up to one month, 242 bytes nvram, hpet irqs
[   11.205308] i2c /dev entries driver
[   11.205457] i801_smbus 0000:00:1f.3: SMBus using PCI interrupt
[   11.206069] IR NEC protocol handler initialized
[   11.206119] IR RC5(x/sz) protocol handler initialized
[   11.206169] IR RC6 protocol handler initialized
[   11.206217] IR JVC protocol handler initialized
[   11.206266] IR Sony protocol handler initialized
[   11.206315] IR SANYO protocol handler initialized
[   11.206379] IR Sharp protocol handler initialized
[   11.206433] IR MCE Keyboard/mouse protocol handler initialized
[   11.206484] IR XMP protocol handler initialized
[   11.206563] it87: Found IT8720F chip at 0x290, revision 8
[   11.206630] it87: Routing internal VCCH5V to in7
[   11.206681] it87: Beeping is supported
[   11.207014] device-mapper: uevent: version 1.0.3
[   11.207143] device-mapper: ioctl: 4.39.0-ioctl (2018-04-03) initialised: dm-devel@redhat.com
[   11.207280] device-mapper: raid: Loading target version 1.14.0
[   11.207525] hidraw: raw HID events driver (C) Jiri Kosina
[   11.207767] usbcore: registered new interface driver usbhid
[   11.207818] usbhid: USB HID core driver
[   11.208792] snd_hda_intel 0000:01:00.1: Disabling MSI
[   11.209244] ipip: IPv4 and MPLS over IPv4 tunneling driver
[   11.209418] gre: GRE over IPv4 demultiplexor driver
[   11.209468] ip_gre: GRE over IPv4 tunneling driver
[   11.209760] IPv4 over IPsec tunneling driver
[   11.210138] Initializing XFRM netlink socket
[   11.210311] NET: Registered protocol family 10
[   11.210737] Segment Routing with IPv6
[   11.211081] sit: IPv6, IPv4 and MPLS over IPv4 tunneling driver
[   11.211364] ip6_gre: GRE over IPv6 tunneling driver
[   11.211523] NET: Registered protocol family 17
[   11.211575] NET: Registered protocol family 15
[   11.211631] bridge: filtering via arp/ip/ip6tables is no longer available by default. Update your scripts to load br_netfilter if you need this.
[   11.211747] NET: Registered protocol family 33
[   11.211797] Key type rxrpc registered
[   11.211845] Key type rxrpc_s registered
[   11.211902] l2tp_core: L2TP core driver, V2.0
[   11.211952] l2tp_ppp: PPPoL2TP kernel driver, V2.0
[   11.212002] l2tp_netlink: L2TP netlink interface
[   11.212063] l2tp_debugfs: L2TP debugfs support
[   11.212117] Key type dns_resolver registered
[   11.212172] Key type ceph registered
[   11.212320] libceph: loaded (mon/osd proto 15/24)
[   11.212630] mce: Using 6 MCE banks
[   11.212712] microcode: sig=0x10677, pf=0x10, revision=0x70d
[   11.212836] microcode: Microcode Update Driver: v2.2.
[   11.212845] sched_clock: Marking stable (11204949273, 7876151)->(11326645909, -113820485)
[   11.213232] registered taskstats version 1
[   11.213284] Loading compiled-in X.509 certificates
[   11.213350] kAFS: Red Hat AFS client v0.1 registering.
[   11.213501] FS-Cache: Netfs 'afs' registered for caching
[   11.217079] snd_hda_codec_realtek hdaudioC1D2: autoconfig for ALC887-VD: line_outs=1 (0x14/0x0/0x0/0x0/0x0) type:line
[   11.217150] snd_hda_codec_realtek hdaudioC1D2:    speaker_outs=0 (0x0/0x0/0x0/0x0/0x0)
[   11.217216] snd_hda_codec_realtek hdaudioC1D2:    hp_outs=1 (0x1b/0x0/0x0/0x0/0x0)
[   11.217281] snd_hda_codec_realtek hdaudioC1D2:    mono: mono_out=0x0
[   11.217332] snd_hda_codec_realtek hdaudioC1D2:    inputs:
[   11.217406] snd_hda_codec_realtek hdaudioC1D2:      Rear Mic=0x18
[   11.217462] snd_hda_codec_realtek hdaudioC1D2:      Front Mic=0x19
[   11.217514] snd_hda_codec_realtek hdaudioC1D2:      Line=0x1a
[   11.217565] snd_hda_codec_realtek hdaudioC1D2:      CD=0x1c
[   11.218736] random: fast init done
[   11.229359] FS-Cache: Netfs 'afs' unregistered from caching
[   11.230596] input: HDA Digital PCBeep as /devices/pci0000:00/0000:00:1b.0/sound/card1/input3
[   11.231534] input: HDA Intel Rear Mic as /devices/pci0000:00/0000:00:1b.0/sound/card1/input4
[   11.231671] input: HDA Intel Front Mic as /devices/pci0000:00/0000:00:1b.0/sound/card1/input5
[   11.231806] input: HDA Intel Line as /devices/pci0000:00/0000:00:1b.0/sound/card1/input6
[   11.231943] input: HDA Intel Line Out as /devices/pci0000:00/0000:00:1b.0/sound/card1/input7
[   11.236353] kAFS: failed to register: -97
[   11.241084] modprobe (161) used greatest stack depth: 14384 bytes left
[   11.255087] cryptomgr_probe (163) used greatest stack depth: 14312 bytes left
[   11.255091] Key type big_key registered
[   11.264033] Key type encrypted registered
[   11.264451] console [netcon0] enabled
[   11.264504] netconsole: network logging started
[   11.264600] cfg80211: Loading compiled-in X.509 certificates for regulatory database
[   11.273900] cfg80211: Loaded X.509 cert 'sforshee: 00b28ddf47aef9cea7'
[   11.327588] ata3.00: ATAPI: TSSTcorpCD/DVDW SH-S182M, SB06, max UDMA/33
[   11.413109] ata5.00: ATA-9: ST1000DX001-1NS162, CC41, max UDMA/133
[   11.413164] ata5.00: 1953525168 sectors, multi 16: LBA48 NCQ (depth 0/32)
[   11.413227] ata5.01: ATA-8: Hitachi HTS725032A9A364, PC3OCH0A, max UDMA/100
[   11.413280] ata5.01: 625142448 sectors, multi 16: LBA48 NCQ (depth 0/32)
[   11.436658] input: HDA NVidia HDMI/DP,pcm=3 as /devices/pci0000:00/0000:00:01.0/0000:01:00.1/sound/card2/input9
[   11.436810] input: HDA NVidia HDMI/DP,pcm=7 as /devices/pci0000:00/0000:00:01.0/0000:01:00.1/sound/card2/input10
[   11.620361] ata1: SATA link up 6.0 Gbps (SStatus 133 SControl 300)
[   11.622296] ata1.00: supports DRM functions and may not be fully accessible
[   11.622744] ata1.00: disabling queued TRIM support
[   11.622747] ata1.00: ATA-9: Samsung SSD 840 EVO 120GB, EXT0DB6Q, max UDMA/133
[   11.622802] ata1.00: 234441648 sectors, multi 1: LBA48 NCQ (depth 32), AA
[   11.623416] ata1.00: supports DRM functions and may not be fully accessible
[   11.623858] ata1.00: disabling queued TRIM support
[   11.624261] ata1.00: configured for UDMA/133
[   11.624471] scsi 0:0:0:0: Direct-Access     ATA      Samsung SSD 840  DB6Q PQ: 0 ANSI: 5
[   11.624713] sd 0:0:0:0: Attached scsi generic sg0 type 0
[   11.624729] sd 0:0:0:0: [sda] 234441648 512-byte logical blocks: (120 GB/112 GiB)
[   11.624860] sd 0:0:0:0: [sda] Write Protect is off
[   11.624911] sd 0:0:0:0: [sda] Mode Sense: 00 3a 00 00
[   11.624935] sd 0:0:0:0: [sda] Write cache: enabled, read cache: enabled, doesn't support DPO or FUA
[   11.625465]  sda: sda1 sda2
[   11.625832] sd 0:0:0:0: [sda] Attached SCSI disk
[   11.710349] usb 3-1: new full-speed USB device number 2 using uhci_hcd
[   11.894368] usb 3-1: New USB device found, idVendor=046d, idProduct=c52e, bcdDevice=23.01
[   11.894438] usb 3-1: New USB device strings: Mfr=1, Product=2, SerialNumber=0
[   11.894498] usb 3-1: Product: USB Receiver
[   11.894546] usb 3-1: Manufacturer: Logitech
[   11.902786] input: Logitech USB Receiver as /devices/pci0000:00/0000:00:1d.1/usb3/3-1/3-1:1.0/0003:046D:C52E.0001/input/input12
[   11.929485] ata2: SATA link down (SStatus 0 SControl 300)
[   11.930422] scsi 2:0:0:0: CD-ROM            TSSTcorp CD/DVDW SH-S182M SB06 PQ: 0 ANSI: 5
[   11.954522] hid-generic 0003:046D:C52E.0001: input,hidraw0: USB HID v1.11 Keyboard [Logitech USB Receiver] on usb-0000:00:1d.1-1/input0
[   11.959347] input: Logitech USB Receiver Mouse as /devices/pci0000:00/0000:00:1d.1/usb3/3-1/3-1:1.1/0003:046D:C52E.0002/input/input13
[   11.959511] input: Logitech USB Receiver Consumer Control as /devices/pci0000:00/0000:00:1d.1/usb3/3-1/3-1:1.1/0003:046D:C52E.0002/input/input14
[   11.969001] sr 2:0:0:0: [sr0] scsi3-mmc drive: 48x/48x writer dvd-ram cd/rw xa/form2 cdda tray
[   11.969072] cdrom: Uniform CD-ROM driver Revision: 3.20
[   11.969221] sr 2:0:0:0: Attached scsi CD-ROM sr0
[   11.969342] sr 2:0:0:0: Attached scsi generic sg1 type 5
[   11.969552] scsi 4:0:0:0: Direct-Access     ATA      ST1000DX001-1NS1 CC41 PQ: 0 ANSI: 5
[   11.969770] sd 4:0:0:0: [sdb] 1953525168 512-byte logical blocks: (1.00 TB/932 GiB)
[   11.969837] sd 4:0:0:0: [sdb] 4096-byte physical blocks
[   11.969900] sd 4:0:0:0: [sdb] Write Protect is off
[   11.969904] sd 4:0:0:0: Attached scsi generic sg2 type 0
[   11.969950] sd 4:0:0:0: [sdb] Mode Sense: 00 3a 00 00
[   11.970017] sd 4:0:0:0: [sdb] Write cache: enabled, read cache: enabled, doesn't support DPO or FUA
[   11.970134] scsi 4:0:1:0: Direct-Access     ATA      Hitachi HTS72503 CH0A PQ: 0 ANSI: 5
[   11.970419] sd 4:0:1:0: Attached scsi generic sg3 type 0
[   11.970701]  sdb: sdb1 sdb2
[   11.970781] sd 4:0:1:0: [sdc] 625142448 512-byte logical blocks: (320 GB/298 GiB)
[   11.970872] sd 4:0:1:0: [sdc] Write Protect is off
[   11.970925] sd 4:0:1:0: [sdc] Mode Sense: 00 3a 00 00
[   11.970949] sd 4:0:1:0: [sdc] Write cache: enabled, read cache: enabled, doesn't support DPO or FUA
[   11.971022] sd 4:0:0:0: [sdb] Attached SCSI disk
[   12.011426] input: Logitech USB Receiver System Control as /devices/pci0000:00/0000:00:1d.1/usb3/3-1/3-1:1.1/0003:046D:C52E.0002/input/input15
[   12.011660] hid-generic 0003:046D:C52E.0002: input,hiddev96,hidraw1: USB HID v1.11 Mouse [Logitech USB Receiver] on usb-0000:00:1d.1-1/input1
[   12.124351] tsc: Refined TSC clocksource calibration: 2833.278 MHz
[   12.124411] clocksource: tsc: mask: 0xffffffffffffffff max_cycles: 0x28d70d4270a, max_idle_ns: 440795271449 ns
[   12.124516] clocksource: Switched to clocksource tsc
[   12.289767] sd 4:0:1:0: [sdc] Attached SCSI disk
[   12.289842] ALSA device list:
[   12.290746]   #0: Loopback 1
[   12.290793]   #1: HDA Intel at 0xdfff8000 irq 25
[   12.290842]   #2: HDA NVidia at 0xdeffc000 irq 17
[   12.291949] Freeing unused kernel image memory: 1352K
[   12.292026] Write protecting the kernel read-only data: 24576k
[   12.292939] Freeing unused kernel image memory: 2020K
[   12.293423] Freeing unused kernel image memory: 1280K
[   12.293529] rodata_test: all tests were successful
[   12.293664] Run /init as init process
[   12.294621] uname (183) used greatest stack depth: 14208 bytes left
[   12.296159] init (187) used greatest stack depth: 14032 bytes left
[   12.507714] udevadm (616) used greatest stack depth: 14000 bytes left
[   12.582193] ata_id (654) used greatest stack depth: 13680 bytes left
[   12.598353] usb 4-2: new full-speed USB device number 2 using uhci_hcd
[   12.986373] usb 4-2: New USB device found, idVendor=046d, idProduct=c52f, bcdDevice=30.00
[   12.986443] usb 4-2: New USB device strings: Mfr=1, Product=2, SerialNumber=0
[   12.986508] usb 4-2: Product: USB Receiver
[   12.986557] usb 4-2: Manufacturer: Logitech
[   12.994825] input: Logitech USB Receiver as /devices/pci0000:00/0000:00:1d.2/usb4/4-2/4-2:1.0/0003:046D:C52F.0003/input/input18
[   12.995045] hid-generic 0003:046D:C52F.0003: input,hidraw2: USB HID v1.11 Mouse [Logitech USB Receiver] on usb-0000:00:1d.2-2/input0
[   12.996969] input: Logitech USB Receiver Consumer Control as /devices/pci0000:00/0000:00:1d.2/usb4/4-2/4-2:1.1/0003:046D:C52F.0004/input/input19
[   13.048477] hid-generic 0003:046D:C52F.0004: input,hiddev97,hidraw3: USB HID v1.11 Device [Logitech USB Receiver] on usb-0000:00:1d.2-2/input1
[   14.186935] ohci_hcd: USB 1.1 'Open' Host Controller (OHCI) Driver
[   14.187547] ohci-pci: OHCI PCI platform driver
[   14.537655] Btrfs loaded, crc32c=crc32c-generic, assert=on
[   14.565939] JFS: nTxBlock = 8192, nTxLock = 65536
[   14.646488] SGI XFS with security attributes, no debug enabled
[   14.669633] fuse init (API version 7.27)
[   14.670505] modprobe (1464) used greatest stack depth: 13376 bytes left
[   14.741198] Ethernet Channel Bonding Driver: v3.7.1 (April 27, 2011)
[   14.942153] device-mapper: multipath queue-length: version 0.2.0 loaded
[   14.955573] device-mapper: multipath round-robin: version 1.2.0 loaded
[   14.958227] device-mapper: multipath service-time: version 0.3.0 loaded
[   14.995516] random: lvm: uninitialized urandom read (4 bytes read)
[   15.526034] random: crng init done
[   27.701556] lvm (1757) used greatest stack depth: 13256 bytes left
[   27.785098] EXT4-fs (dm-9): mounted filesystem with ordered data mode. Opts: (null)
[   28.001320] systemd[1]: systemd 242 running in system mode. (+PAM -AUDIT -SELINUX +IMA +APPARMOR +SMACK -SYSVINIT +UTMP +LIBCRYPTSETUP +GCRYPT +GNUTLS +ACL +XZ +LZ4 +SECCOMP +BLKID +ELFUTILS +KMOD -IDN2 -IDN +PCRE2 default-hierarchy=hybrid)
[   28.013404] systemd[1]: Detected architecture x86-64.
[   28.079009] gentoo-local-ge (1877) used greatest stack depth: 12968 bytes left
[   28.213535] systemd[1]: /lib/systemd/system/teamviewerd.service:8: PIDFile= references a path below legacy directory /var/run/, updating /var/run/teamviewerd.pid  /run/teamviewerd.pid; please update the unit file accordingly.
[   28.227006] systemd[1]: /lib/systemd/system/smbd.service:6: PIDFile= references a path below legacy directory /var/run/, updating /var/run/samba/smbd.pid  /run/samba/smbd.pid; please update the unit file accordingly.
[   28.227379] systemd[1]: /lib/systemd/system/winbindd.service:6: PIDFile= references a path below legacy directory /var/run/, updating /var/run/samba/winbindd.pid  /run/samba/winbindd.pid; please update the unit file accordingly.
[   28.230202] systemd[1]: /lib/systemd/system/nmbd.service:6: PIDFile= references a path below legacy directory /var/run/, updating /var/run/samba/nmbd.pid  /run/samba/nmbd.pid; please update the unit file accordingly.
[   28.233507] systemd[1]: /lib/systemd/system/rpc-statd.service:12: PIDFile= references a path below legacy directory /var/run/, updating /var/run/rpc.statd.pid  /run/rpc.statd.pid; please update the unit file accordingly.
[   28.238084] systemd[1]: /lib/systemd/system/docker.socket:5: ListenStream= references a path below legacy directory /var/run/, updating /var/run/docker.sock  /run/docker.sock; please update the unit file accordingly.
[   28.239178] systemd[1]: /lib/systemd/system/anydesk.service:8: PIDFile= references a path below legacy directory /var/run/, updating /var/run/anydesk.pid  /run/anydesk.pid; please update the unit file accordingly.
[   28.240649] systemd[1]: Unnecessary job for /dev/dm-1 was removed.
[   28.337075] vhba: loading out-of-tree module taints kernel.
[   28.337508] scsi host6: vhba
[   28.403858] mount (1897) used greatest stack depth: 12816 bytes left
[   28.474470] EXT4-fs (dm-9): re-mounted. Opts: data=ordered,discard
[   28.591663] VFIO - User Level meta-driver version: 0.3
[   28.602402] vboxdrv: Found 4 processor cores
[   28.602557] vboxdrv: fAsync=0 offMin=0x550 offMax=0x11c4
[   28.702725] vboxdrv: TSC mode is Synchronous, tentative frequency 2833277993 Hz
[   28.702794] vboxdrv: Successfully loaded version 6.0.12 (interface 0x00290008)
[   28.703641] VBoxNetAdp: Successfully started.
[   28.704728] VBoxNetFlt: Successfully started.
[   28.705748] VBoxPciLinuxInit
[   28.706652] vboxpci: pci-stub module not available, cannot detach PCI devices
[   28.706706] vboxpci: IOMMU not found (not registered)
[   28.807185] systemd-journald[1894]: Received request to flush runtime journal from PID 1
[   28.876471] journal-offline (1930) used greatest stack depth: 12704 bytes left
[   29.273821] atl1c 0000:03:00.0 enp3s0: renamed from eth0
[   29.434862] nvidia: module license 'NVIDIA' taints kernel.
[   29.502672] EXT4-fs (sda1): mounted filesystem with ordered data mode. Opts: data=ordered,discard
[   29.587256] nvidia-nvlink: Nvlink Core is being initialized, major device number 238
[   29.600976] nvidia 0000:01:00.0: vgaarb: changed VGA decodes: olddecodes=io+mem,decodes=none:owns=io+mem
[   29.694868] Adding 8388604k swap on /dev/mapper/volgroup--ssd-Swap.  Priority:-2 extents:1 across:8388604k SSFS
[   29.806686] EXT4-fs (dm-5): mounting with "discard" option, but the device does not support discard
[   29.806759] EXT4-fs (dm-5): mounted filesystem with ordered data mode. Opts: data=ordered,discard
[   29.820420] NVRM: loading NVIDIA UNIX x86_64 Kernel Module  435.21  Sun Aug 25 08:17:57 CDT 2019
[   29.831012] nvidia-modeset: Loading NVIDIA Kernel Mode Setting Driver for UNIX platforms  435.21  Sun Aug 25 08:07:52 CDT 2019
[   29.833012] [drm] [nvidia-drm] [GPU ID 0x00000100] Loading driver
[   29.833066] [drm] Initialized nvidia-drm 0.0.0 20160202 for 0000:01:00.0 on minor 0
[   30.109194] EXT4-fs (dm-1): mounted filesystem with ordered data mode. Opts: data=ordered
[   30.377414] squashfs: version 4.0 (2009/01/31) Phillip Lougher
[   32.348908] IPv6: ADDRCONF(NETDEV_UP): enp3s0: link is not ready
[   32.349987] atl1c 0000:03:00.0: atl1c: enp3s0 NIC Link is Up<100 Mbps Full Duplex>
[   32.499925] resource sanity check: requesting [mem 0x000c0000-0x000fffff], which spans more than PCI Bus 0000:00 [mem 0x000c0000-0x000dffff window]
[   32.500089] caller _nv000926rm+0x1bf/0x1f0 [nvidia] mapping multiple BARs
[   35.402095] NFSD: Using /var/lib/nfs/v4recovery as the NFSv4 state recovery directory
[   35.506792] NFSD: starting 90-second grace period (net f0000098)
[   36.227722] Bridge firewalling registered
[   36.293699] bpfilter: Loaded bpfilter_umh pid 2531
[   36.448014] IPv6: ADDRCONF(NETDEV_UP): docker0: link is not ready
[   36.707994] nf_conntrack: default automatic helper assignment has been turned off for security reasons and CT-based  firewall rule not found. Use the iptables CT target to attach helpers instead.
[   42.432304] Bluetooth: BNEP (Ethernet Emulation) ver 1.3
[   42.432309] Bluetooth: BNEP filters: protocol multicast
[   42.432316] Bluetooth: BNEP socket layer initialized
[   48.692055] scsi 6:0:0:0: CD-ROM            CDEmu    Virt. CD/DVD-ROM 1.10 PQ: 0 ANSI: 0
[   48.692223] sr 6:0:0:0: [sr1] scsi3-mmc drive: 48x/48x writer dvd-ram cd/rw xa/form2 cdda tray
[   48.692371] sr 6:0:0:0: Attached scsi CD-ROM sr1
[   48.695311] sr 6:0:0:0: Attached scsi generic sg4 type 5
[   68.952017] usb 3-2: new full-speed USB device number 3 using uhci_hcd
[   69.322391] usb 3-2: New USB device found, idVendor=0a12, idProduct=0001, bcdDevice=88.91
[   69.322396] usb 3-2: New USB device strings: Mfr=0, Product=2, SerialNumber=0
[   69.322399] usb 3-2: Product: CSR8510 A10
[   69.389177] usbcore: registered new interface driver btusb
[   69.654952] Bluetooth: RFCOMM TTY layer initialized
[   69.654965] Bluetooth: RFCOMM socket layer initialized
[   69.654973] Bluetooth: RFCOMM ver 1.11
[   81.301238] input: B3:A3:8D:DC:25:49 as /devices/virtual/input/input22
[  726.194994] kworker/dying (125) used greatest stack depth: 12024 bytes left
[ 2069.753025] kworker/dying (18) used greatest stack depth: 12000 bytes left
[ 3997.387504] systemd-journald[1894]: /var/log/journal/de0b26796fe7a38891f32d485a9d8a64/system.journal: Journal file has been deleted, rotating.
[ 4531.951452] device-mapper: snapshots: Invalidating snapshot: Unable to allocate exception.
[19745.777045] input: B3:A3:8D:DC:25:49 as /devices/virtual/input/input23
[20461.029864] TCP: request_sock_TCP: Possible SYN flooding on port 8999. Sending cookies.  Check SNMP counters.
[23710.965328] hrtimer: interrupt took 3369812 ns
[39098.393694] kworker/dying (15243) used greatest stack depth: 11896 bytes left
